exports[`Spinner component renders properly 1`] = `
<div
  className="spinner" />
`;
