exports[`spark component renders correctly 1`] = `null`;
