exports[`injectSpark renders correctly 1`] = `
<div>
  <div>
    TestWidget
  </div>
</div>
`;
