exports[`Icon component renders properly 1`] = `
<div
  className="icon"
  title={undefined} />
`;
