exports[`ReadReceipts container renders properly 1`] = `<div />`;
