exports[`FileDownloader container renders properly 1`] = `
<div
  files={
    Array [
      Object {
        "url": "testFile1.jpg",
      },
      Object {
        "url": "testFile2.jpg",
      },
    ]
  }
  onDownloadClick={[Function]}
  retrieveSharedFile={[Function]}
  share={
    Object {
      "files": Object {},
    }
  }
  spark={null} />
`;
