exports[`Icon component renders properly 1`] = `
<div
  className="icon-container">
  <div
    className="icon delete"
    onClick={undefined}
    title={undefined}>
    îƒ§
  </div>
</div>
`;
