exports[`AddFileButton component renders properly 1`] = `
<div
  className="add-file-container">
  <button
    className="add-file-button"
    onClick={[Function]}>
    <span
      className="add-file-icon" />
  </button>
  <input
    className="file-input"
    multiple="multiple"
    onChange={[Function]}
    type="file" />
</div>
`;
