exports[`SparkLogo component renders properly 1`] = `
<div
  className="spark-logo">
  <img
    role="presentation"
    src={Object {}} />
</div>
`;
