exports[`ScrollingActivity container renders properly 1`] = `
<div
  className={undefined}
  onScroll={undefined}>
  <div>
    <div
      className="activity-list">
      <div
        className="activity-item-container">
        <div
          className="activity-item">
          <div
            className="avatar-wrapper">
            <div
              className="avatar"
              style={undefined}>
              <span
                className="avatar-letter">
                T
              </span>
            </div>
          </div>
          <div
            className="content-container">
            <div
              className="meta">
              <div
                className="display-name"
                title="{name}">
                Test User 1
              </div>
              <div
                className="published">
                9/20/16, 3:52 PM
              </div>
            </div>
            <div
              className="activity-content">
              <div
                className="activity-text"
                dangerouslySetInnerHTML={
                  Object {
                    "__html": "Test Activity Content 1",
                  }
                } />
            </div>
          </div>
          <div
            className="activity-post-actions">
            <div
              className="activity-post-action">
              <div
                className="post-action-item">
                <button
                  className="icon-button"
                  onClick={[Function]}
                  onKeyUp={[Function]}>
                  <div
                    className="icon"
                    title="Flag this message" />
                </button>
              </div>
            </div>
            <div
              className="activity-post-action">
              <div
                className="action-spacer" />
            </div>
          </div>
        </div>
      </div>
      <div
        className="activity-item-container">
        <div
          className="activity-item">
          <div
            className="avatar-wrapper">
            <div
              className="avatar"
              style={undefined}>
              <span
                className="avatar-letter">
                T
              </span>
            </div>
          </div>
          <div
            className="content-container">
            <div
              className="meta">
              <div
                className="display-name"
                title="{name}">
                Test User 2
              </div>
              <div
                className="published">
                9/20/16, 3:53 PM
              </div>
            </div>
            <div
              className="activity-content">
              <div
                className="activity-text"
                dangerouslySetInnerHTML={
                  Object {
                    "__html": "Test Activity Content 2",
                  }
                } />
            </div>
          </div>
          <div
            className="activity-post-actions">
            <div
              className="activity-post-action">
              <div
                className="post-action-item">
                <button
                  className="icon-button"
                  onClick={[Function]}
                  onKeyUp={[Function]}>
                  <div
                    className="icon"
                    title="Flag this message" />
                </button>
              </div>
            </div>
            <div
              className="activity-post-action">
              <div
                className="action-spacer" />
            </div>
          </div>
        </div>
      </div>
      <div
        className="activity-item-container">
        <div
          className="activity-item">
          <div
            className="avatar-wrapper">
            <div
              className="avatar"
              style={undefined}>
              <span
                className="avatar-letter">
                T
              </span>
            </div>
          </div>
          <div
            className="content-container">
            <div
              className="meta">
              <div
                className="display-name"
                title="{name}">
                Test User 3
              </div>
              <div
                className="published">
                9/20/16, 3:54 PM
              </div>
            </div>
            <div
              className="activity-content">
              <div
                className="activity-text"
                dangerouslySetInnerHTML={
                  Object {
                    "__html": "Test Activity Content 3",
                  }
                } />
            </div>
          </div>
          <div
            className="activity-post-actions">
            <div
              className="activity-post-action">
              <div
                className="post-action-item">
                <button
                  className="icon-button"
                  onClick={[Function]}
                  onKeyUp={[Function]}>
                  <div
                    className="icon"
                    title="Flag this message" />
                </button>
              </div>
            </div>
            <div
              className="activity-post-action">
              <div
                className="action-spacer" />
            </div>
          </div>
        </div>
      </div>
    </div>
    <div
      className="indicators">
      <div />
    </div>
  </div>
</div>
`;
