exports[`TitleBar component renders correctly 1`] = `
<div
  className="title-bar">
  <div
    className="avatar-container">
    <div
      className="avatar"
      style={undefined}>
      <span
        className={undefined}>
        T
      </span>
    </div>
  </div>
  <h1
    className="title">
    test@testing.net
  </h1>
</div>
`;
