exports[`WidgetDataInput component renders properly 1`] = `
<div
  className="widget-container">
  <div
    className="spark-logo">
    <img
      role="presentation"
      src={Object {}} />
  </div>
  <form
    className="widget-props-form">
    <div
      className="field-wrapper">
      <input
        className="field-input"
        onChange={[Function]}
        placeholder="To User Email"
        type="text"
        value={undefined} />
    </div>
    <div
      className="field-wrapper">
      <input
        className="field-input"
        onChange={[Function]}
        placeholder="Your Access Token"
        type="text"
        value={undefined} />
    </div>
    <button
      className="props-submit"
      onClick={[Function]}>
      Chat
    </button>
    
  </form>
</div>
`;
