exports[`ActivityItemShareFile component renders properly 1`] = `
<div
  className="activity-share-item">
  <div
    className="share-file-icon">
    <div
      className="icon"
      title={undefined} />
  </div>
  <div
    className="share-meta">
    <div
      className="share-file-info">
      <div
        className="share-name">
        testImage.js
      </div>
      <div
        className="share-file-props">
        <span
          className="share-file-size">
          0 Bytes
        </span>
        <span
          className="share-file-type" />
      </div>
    </div>
    <div
      className="share-item-actions">
      <div
        className="share-action-item">
        <button
          className="icon-button"
          onClick={[Function handleDownloadClick]}
          onKeyUp={[Function handleDownloadClick]}>
          <div
            className="icon"
            title="Download this file" />
        </button>
      </div>
    </div>
  </div>
</div>
`;
